PS C:\Users\toshi> mkdir git_challenge


    ディレクトリ: C:\Users\toshi


Mode                 LastWriteTime         Length Name
----                 -------------         ------ ----
d-----        2025/05/25      9:12                git_challenge


PS C:\Users\toshi> cd git_challenge
PS C:\Users\toshi\git_challenge> git init
Initialized empty Git repository in C:/Users/toshi/git_challenge/.git/
PS C:\Users\toshi\git_challenge> echo "hello,world!" >> hello_world.txt
PS C:\Users\toshi\git_challenge> git add hello_world.txt
PS C:\Users\toshi\git_challenge> git commit -m "hello,worldを入力"
[main (root-commit) ce2375d] hello,worldを入力
 1 file changed, 0 insertions(+), 0 deletions(-)
 create mode 100644 hello_world.txt
PS C:\Users\toshi\git_challenge> echo "、世界!" >> hello_world.txt
PS C:\Users\toshi\git_challenge> git add hello_world.txt
PS C:\Users\toshi\git_challenge> git commit -m "日本語訳を追記"
[main 71eb6ac] 日本語訳を追記
PS C:\Users\toshi\git_challenge> git log --oneline
71eb6ac (HEAD -> main) 日本語訳を追記
ce2375d hello,worldを入力